// Jest Snapshot v1, https://goo.gl/fbAQLP

exports[`Storyshots Button with my name 1`] = `
<button
  style={
    Object {
      "backgroundColor": "green",
    }
  }
  type="button"
>
  Yoni
</button>
`;

exports[`Storyshots Button with some emoji 1`] = `
<button
  style={
    Object {
      "backgroundColor": undefined,
    }
  }
  type="button"
>
  <span
    aria-label="so cool"
    role="img"
  >
    üòÄ üòé üëç üíØ
  </span>
</button>
`;

exports[`Storyshots Button with text 1`] = `
<div>
  <div>
    <div
      style={
        Object {
          "WebkitFontSmoothing": "antialiased",
          "backgroundColor": "#eee",
          "border": "1px solid #eee",
          "borderRadius": "2px",
          "boxShadow": "0px 2px 3px rgba(0, 0, 0, 0.05)",
          "color": "#444",
          "fontFamily": "-apple-system, \\".SFNSText-Regular\\", \\"San Francisco\\", BlinkMacSystemFont, \\"Segoe UI\\", \\"Roboto\\", \\"Oxygen\\", \\"Ubuntu\\", \\"Cantarell\\", \\"Fira Sans\\", \\"Droid Sans\\", \\"Helvetica Neue\\", \\"Lucida Grande\\", \\"Arial\\", sans-serif",
          "fontSize": "15px",
          "fontWeight": 300,
          "lineHeight": "2",
          "marginBottom": "20px",
          "marginTop": "20px",
          "padding": "8px, 5px",
        }
      }
    >
      <div
        style={
          Object {
            "borderBottom": "1px solid #eee",
            "marginBottom": 10,
            "paddingBottom": 0,
            "paddingTop": 0,
          }
        }
      >
        <h1
          style={
            Object {
              "display": "inline",
              "fontSize": "25px",
              "margin": 0,
              "marginRight": "28px",
              "padding": 0,
            }
          }
        >
          Button
        </h1>
        <h2
          style={
            Object {
              "color": "#999",
              "display": "inline",
              "fontSize": "22px",
              "fontWeight": 400,
              "margin": "0 0 10px 0",
              "padding": 0,
            }
          }
        >
          with text
        </h2>
      </div>
    </div>
  </div>
  <div
    style={Object {}}
  >
    <button
      style={
        Object {
          "backgroundColor": "green",
        }
      }
      type="button"
    >
      Hello Button
    </button>
  </div>
  <div>
    <div
      style={
        Object {
          "WebkitFontSmoothing": "antialiased",
          "backgroundColor": "#eee",
          "border": "1px solid #eee",
          "borderRadius": "2px",
          "boxShadow": "0px 2px 3px rgba(0, 0, 0, 0.05)",
          "color": "#444",
          "fontFamily": "-apple-system, \\".SFNSText-Regular\\", \\"San Francisco\\", BlinkMacSystemFont, \\"Segoe UI\\", \\"Roboto\\", \\"Oxygen\\", \\"Ubuntu\\", \\"Cantarell\\", \\"Fira Sans\\", \\"Droid Sans\\", \\"Helvetica Neue\\", \\"Lucida Grande\\", \\"Arial\\", sans-serif",
          "fontSize": "15px",
          "fontWeight": 300,
          "lineHeight": "2",
          "marginBottom": "20px",
          "marginTop": "20px",
          "padding": "8px, 5px",
        }
      }
    >
      <div
        style={
          Object {
            "marginBottom": 0,
          }
        }
      >
        <div
          style={
            Object {
              "WebkitFontSmoothing": "antialiased",
              "color": "#444",
              "fontFamily": "-apple-system, \\".SFNSText-Regular\\", \\"San Francisco\\", BlinkMacSystemFont, \\"Segoe UI\\", \\"Roboto\\", \\"Oxygen\\", \\"Ubuntu\\", \\"Cantarell\\", \\"Fira Sans\\", \\"Droid Sans\\", \\"Helvetica Neue\\", \\"Lucida Grande\\", \\"Arial\\", sans-serif",
              "fontSize": "15px",
            }
          }
        >
          description of button component
        </div>
        <pre
          className="language-js"
          style={
            Object {
              "backgroundColor": "#fafafa",
              "fontFamily": "Menlo, Monaco, \\"Courier New\\", monospace",
              "lineHeight": 1.5,
              "overflowX": "scroll",
              "padding": ".5rem",
            }
          }
        >
          <code
            className="language-js"
            style={
              Object {
                "backgroundColor": "#fafafa",
                "fontFamily": "Menlo, Monaco, \\"Courier New\\", monospace",
              }
            }
          >
              &lt;Button&gt;Click Here&lt;/Button&gt;
          </code>
        </pre>
      </div>
      <div>
        <h1
          style={
            Object {
              "borderBottom": "1px solid #EEE",
              "fontSize": "25px",
              "margin": "20px 0 0 0",
              "padding": "0 0 5px 0",
            }
          }
        >
          Prop Types
        </h1>
        <div>
          <h2
            style={
              Object {
                "margin": "20px 0 0 0",
              }
            }
          >
            "
            Button
            " Component
          </h2>
          <small>
            No propTypes defined!
          </small>
        </div>
      </div>
    </div>
  </div>
</div>
`;

exports[`Storyshots Welcome to your new Storybook 1`] = `
<h1>
  Welcome to your Portfolio
</h1>
`;
